[epaper.dishadaily.com/3345510/DISHA-MAIN/08-01-2022.html]
[backblue.gif]
[fade.gif]
[index.html]
[cache.epapr.in/favicon/logo_image_5ea96d4b573eb.png.png]
[cdn.ampproject.org/v0/amp-ad-0.1.js]
[epaper.dishadaily.com/styles/images/ajax-loader36654.gif]
[ajax.googleapis.com/ajax/libs/jquery/3.6.0/jquery.min.js]
[code.jquery.com/jquery-migrate-3.0.0.min.js]
[sf.readwhere.com/read/js/libs/detectmobilebrowser9127.js]
[sf.readwhere.com/read/styles/bootstrap3.min5de8.css]
[sf.readwhere.com/read/styles/viewer-v4dd0d.css]
[sf.readwhere.com/read/styles/imgareaselect-default5de8.css]
[sf.readwhere.com/read/styles/bootstrap-tour43ab.css]
[gitcdn.github.io/bootstrap-toggle/2.2.2/css/bootstrap-toggle.min.css]
[gitcdn.github.io/bootstrap-toggle/2.2.2/js/bootstrap-toggle.min.js]
[maxcdn.bootstrapcdn.com/font-awesome/4.4.0/css/font-awesome.min.css]
[pagead2.googlesyndication.com/pagead/js/f.txt]
[certify-js.alexametrics.com/atrk.js]
[certify.alexametrics.com/atrk1fe3.gif]
[www.google-analytics.com/analytics.js]
[connect.facebook.net/en_US/sdk.js]
[cache.epapr.in/masthead/60f5407ae59d9.png]
[cache.epapr.in/static/loader.gif]
[pagead2.googlesyndication.com/pagead/js/f2dec.txt]
[sf.readwhere.com/read/theme/images/loader.gif]
[sf.readwhere.com/img/ver16_logo_icon.png]
[sf.readwhere.com/img/readwherelogo2.png]
[cache.epapr.in/static/mapp/img/appstore-btn.png]
[cache.epapr.in/static/mapp/img/play-store.png]
[cache.epapr.in/logos/logo_image_6155c7286b79a.gif]
[marketing.readwhere.com/10548.png]
[marketing.readwhere.com/10548.3.png]
[marketing.readwhere.com/10548.2.png]
[sf.readwhere.com/read/js/sweet-alert4a64.js]
[sf.readwhere.com/read/styles/sweet-alert553c.css]
[www.gstatic.com/firebasejs/3.4.0/firebase.js]
[sf.readwhere.com/read/js/bootstrap3.mine01b.js]
[sf.readwhere.com/read/js/responsive-calendar480d.js]
[sf.readwhere.com/read/js/libs/jquery.imgareaselect.min1143.js]
[sf.readwhere.com/read/js/bootstrap-tour8a98.js]
[sf.readwhere.com/read/js/n-limited-extractor8921.js]
[sf.readwhere.com/read/js/n-limited8921.js]
[sf.readwhere.com/read/js/viewer-v42b06.js]
[sf.readwhere.com/read/js/viewer-navbar-v48fc1.js]
[sf.readwhere.com/read/styles/smoothness/jquery-ui-1.10.4.custom5de8.css]
[sf.readwhere.com/read/js/libs/jquery-ui-1.10.4.custom.minc691.js]
[sf.readwhere.com/read/js/libs/modernizr-2.7.1.minc691.js]
[sf.readwhere.com/read/js/plugins-v38921.js]
[b.scorecardresearch.com/p7da3.gif]
[connect.facebook.net/en_US/fbevents.js]
[www.facebook.com/tr6fd8.gif]
[epaper.dishadaily.com/3345510/DISHA-MAIN/08-01-2022.html]
[fonts.googleapis.com/css0e2b.css]
[pagead2.googlesyndication.com/pagead/js/f.txt]
[sf.readwhere.com/read/js/libs/detectmobilebrowser9127.js]
[sf.readwhere.com/read/styles/bootstrap3.min5de8.css]
[sf.readwhere.com/read/fonts/glyphicons-halflings-regular.html]
[certify-js.alexametrics.com/atrk.js]
[sf.readwhere.com/read/styles/images/pdf-product.png]
[ajax.googleapis.com/ajax/libs/jquery/3.6.0/jquery.min.js]
[pagead2.googlesyndication.com/pagead/js/f2dec.txt]
[sf.readwhere.com/read/styles/images/jpgfile.png]
[sf.readwhere.com/read/js/bootstrap3.mine01b.js]
[sf.readwhere.com/read/js/sweet-alert4a64.js]
[www.gstatic.com/firebasejs/3.4.0/firebase.js]
[sf.readwhere.com/read/styles/images/red_play_icon.png]
[sf.readwhere.com/read/js/bootstrap-tour8a98.js]
[sf.readwhere.com/read/js/responsive-calendar480d.js]
[sf.readwhere.com/read/js/libs/jquery.imgareaselect.min1143.js]
[sf.readwhere.com/read/js/n-limited-extractor8921.js]
[sf.readwhere.com/read/styles/images/new_logo.png]
[sf.readwhere.com/read/js/viewer-navbar-v48fc1.js]
[sf.readwhere.com/read/js/libs/modernizr-2.7.1.minc691.js]
[sf.readwhere.com/read/js/viewer-v42b06.js]
[sf.readwhere.com/read/js/libs/jquery-ui-1.10.4.custom.minc691.js]
[sf.readwhere.com/read/styles/images/form_icon.png]
[sf.readwhere.com/read/styles/images/gallery_icon.png]
[sf.readwhere.com/read/styles/viewer-v4dd0d.css]
[sf.readwhere.com/read/js/plugins-v38921.js]
[sf.readwhere.com/read/styles/images/border-v.gif]
[sf.readwhere.com/read/styles/images/border-h.gif]
[sf.readwhere.com/read/styles/imgareaselect-default5de8.css]
[sf.readwhere.com/read/styles/bootstrap-tour43ab.css]
[gitcdn.github.io/bootstrap-toggle/2.2.2/css/bootstrap-toggle.min.css]
[maxcdn.bootstrapcdn.com/font-awesome/4.4.0/css/font-awesome.min.css]
[www.googletagmanager.com/gtm5445.html]
[connect.facebook.net/en_US/sdk.js]
[sf.readwhere.com/read/styles/sweet-alert553c.css]
[sf.readwhere.com/read/styles/smoothness/jquery-ui-1.10.4.custom5de8.css]
[maxcdn.bootstrapcdn.com/font-awesome/4.4.0/fonts/fontawesome-webfont93e3.svg]
[epaper.dishadaily.com/3345510/DISHA-MAIN/c.html]
[epaper.dishadaily.com/3345510/DISHA-MAIN/b.html]
[epaper.dishadaily.com/3345510/DISHA-MAIN/POST.html]
[connect.facebook.net/en_US/fbevents.js]
[sf.readwhere.com/read/fonts/glyphicons-halflings-regular.html]
[maxcdn.bootstrapcdn.com/font-awesome/4.4.0/fonts/fontawesome-webfont93e3.svg]
[epaper.dishadaily.com/3345510/DISHA-MAIN/c.html]
[epaper.dishadaily.com/3345510/DISHA-MAIN/b.html]
[epaper.dishadaily.com/3345510/DISHA-MAIN/POST.html]
[www.google-analytics.com/analytics.js]
[www.okajewelry.com/templates/NewOKA/images/new/ProductImg_Loading.gif]
